  console.log
    [Logger] Initializing logs at: C:\Users\shashidhar\Desktop\Antigravity\MF-Fund\logs

      at src/services/logger.service.js:12:9

  console.log
    [Logger] Log directory exists: C:\Users\shashidhar\Desktop\Antigravity\MF-Fund\logs

      at src/services/logger.service.js:19:17

node : (node:13012) ExperimentalWarning: VM 
Modules is an experimental feature and might 
change at any time
At line:1 char:1
+ node --experimental-vm-modules 
node_modules/jest/bin/jest.js tests/un ...
+ ~~~~~~~~~~~~~~~~~~~~~~~~~~~~~~~~~~~~~~~~~~~~~~
~~~~~~~~~~~~~~~~~~~~~~~
    + CategoryInfo          : NotSpecified: ((n 
   ode:13012) Ex...nge at any time:String) [],  
   RemoteException
    + FullyQualifiedErrorId : NativeCommandErro 
   r
 
(Use `node --trace-warnings ...` to show where 
the warning was created)
FAIL 
tests/unit/services/demo.service.cancel.test.js
  Demo Service - Transaction Cancellation Fix
    ├ù cancelTransaction should set status to 
CANCELLED instead of COMPLETED (2 ms)
    ├ù should throw error if transaction not 
found
    ├ù should throw error if unauthorized

  ΓùÅ Demo Service - Transaction Cancellation 
Fix ΓÇ║ cancelTransaction should set status to 
CANCELLED instead of COMPLETED

    TypeError: 
transactionModel.findById.mockResolvedValue is 
not a function

    [0m [90m 18 |[39m
     [90m 19 |[39m         [90m// Mock 
findById to return a pending transaction[39m
    [31m[1m>[22m[39m[90m 20 |[39m         
transactionModel[33m.[39mfindById[33m.[39mmo
ckResolvedValue({
     [90m    |[39m                            
       [31m[1m^[22m[39m
     [90m 21 |[39m             id[33m:[39m 
transactionId[33m,[39m
     [90m 22 |[39m             
user_id[33m:[39m userId[33m,[39m
     [90m 23 |[39m             
status[33m:[39m [32m'PENDING'[39m[0m

      at Object.<anonymous> (tests/unit/services
/demo.service.cancel.test.js:20:35)

  ΓùÅ Demo Service - Transaction Cancellation 
Fix ΓÇ║ should throw error if transaction not 
found

    TypeError: 
transactionModel.findById.mockResolvedValue is 
not a function

    [0m [90m 50 |[39m
     [90m 51 |[39m     test([32m'should 
throw error if transaction not 
found'[39m[33m,[39m [36masync[39m () 
[33m=>[39m {
    [31m[1m>[22m[39m[90m 52 |[39m         
transactionModel[33m.[39mfindById[33m.[39mmo
ckResolvedValue([36mnull[39m)[33m;[39m
     [90m    |[39m                            
       [31m[1m^[22m[39m
     [90m 53 |[39m         [36mawait[39m exp
ect(demoService[33m.[39mcancelTransaction([35
m1[39m[33m,[39m [35m1[39m))[33m.[39mrejec
ts[33m.[39mtoThrow([32m'Transaction not 
found'[39m)[33m;[39m
     [90m 54 |[39m     })[33m;[39m
     [90m 55 |[39m[0m

      at Object.<anonymous> (tests/unit/services
/demo.service.cancel.test.js:52:35)

  ΓùÅ Demo Service - Transaction Cancellation 
Fix ΓÇ║ should throw error if unauthorized

    TypeError: 
transactionModel.findById.mockResolvedValue is 
not a function

    [0m [90m 55 |[39m
     [90m 56 |[39m     test([32m'should 
throw error if unauthorized'[39m[33m,[39m 
[36masync[39m () [33m=>[39m {
    [31m[1m>[22m[39m[90m 57 |[39m         
transactionModel[33m.[39mfindById[33m.[39mmo
ckResolvedValue({ id[33m:[39m 
[35m1[39m[33m,[39m user_id[33m:[39m 
[35m999[39m })[33m;[39m
     [90m    |[39m                            
       [31m[1m^[22m[39m
     [90m 58 |[39m         [36mawait[39m exp
ect(demoService[33m.[39mcancelTransaction([35
m1[39m[33m,[39m [35m1[39m))[33m.[39mrejec
ts[33m.[39mtoThrow([32m'Unauthorized'[39m)[
33m;[39m
     [90m 59 |[39m     })[33m;[39m
     [90m 60 |[39m })[33m;[39m[0m

      at Object.<anonymous> (tests/unit/services
/demo.service.cancel.test.js:57:35)

Test Suites: 1 failed, 1 total
Tests:       3 failed, 3 total
Snapshots:   0 total
Time:        0.944 s, estimated 1 s
Ran all test suites matching /tests\\unit\\servi
ces\\demo.service.cancel.test.js/i.
